Lexer error: unrecognized character '@' at parse0.in:2:1
