let x: Int = 1
func foo() {
    let x: Int = 1
}
print x
