Type unification error: attempt to unify Bool and Int
