Type error: invalid return type: expected Int but received Unit
