Halting error: function 'main' does not return from all paths
