func main() -> Unit {
    if true {
    }
    return
}
