func main() -> Int {
    if true {
        return 0
    }
}
