func bar() {
    let x: Bool = true
}
func foo() {
    let x: Int = 4
    print (+x)
}
