func main() -> Unit {
    let x: Bool = (1 == 2)
    return
}
