func main() -> Unit {
    print true
    return
}
