Type error: no overload for '*' exists with parameter types (Int)
