Type error: in if statement condition: expected Bool but received Int
