func main() {
    let x: Int = 1
    let y: Int = 2
    let z: Int = (x + y)
}
