Type unification error (symbol='y'): attempt to unify Int and Bool
