Analyzer error: only functions can be written at top level
