@ffi puts(Char*) -> Unit
func main() -> Unit {
    let val: Char* = "hi"
    return
}
